[Identifier "num",Identifier "factorial",LBrace,Identifier "num",Identifier "n",RBrace,LParen,Kwd If,LBrace,Identifier "n",Lt,Num 0,RBrace,Kwd Run,LParen,Kwd Ret,Minus,Num 1,RParen,Kwd Else,LParen,Identifier "num",Identifier "r",Eq,Num 1,Kwd While,LBrace,Identifier "n",Gt,Num 0,RBrace,LParen,Identifier "r",TimesEq,Identifier "n",Identifier "n",MinusEq,Num 1,RParen,Kwd Ret,Identifier "r",RParen,RParen]
