[DataType B,Identifier "var",Operator Eq,Bln True,DataType N,Identifier "x",Operator Eq,Num 5,DataType S,Identifier "string",Operator Eq,Str "Hello",DataType S,Identifier "stringTwo",Operator Eq,Str "Hello again"]
