[DataType N,Identifier "n1",Operator Eq,Num 5,DataType N,Identifier "n2",Operator Eq,Num 3,DataType N,Identifier "n3",Operator Eq,Num 5,Operator Modulus,Num 3,DataType N,Identifier "n4",Operator Eq,Identifier "n3",Operator Plus,Identifier "n1",DataType N,Identifier "n5",Operator Eq,Identifier "n2",Operator Minus,Num 1,DataType N,Identifier "n6",Operator Eq,Identifier "n2",Operator Times,Num 1,DataType N,Identifier "n7",Operator Eq,Num 3,Operator Divide,Num 3,DataType N,Identifier "n8",Operator Eq,Num 10,Operator Modulus,Operator Modulus,Identifier "n1",Operator PlusEq,Num 1,Identifier "n2",Operator MinusEq,Num 2,Identifier "n3",Operator TimesEq,Num 3,Identifier "n4",Operator DivideEq,Num 4,Identifier "n5",Operator ModulusEq,Num 5]
