[Kwd Fn,Identifier "factorial",LBrace,DataType N,Identifier "n",RBrace,Arrow,DataType N,LParen,Kwd If,LBrace,Identifier "n",Operator Lt,Num 0,RBrace,LParen,Kwd Ret,Operator Minus,Num 1,RParen,Kwd Else,LParen,DataType N,Identifier "r",Operator Eq,Num 1,Kwd While,LBrace,Identifier "n",Operator Gt,Num 0,RBrace,LParen,Identifier "r",Operator TimesEq,Identifier "n",Identifier "n",Operator MinusEq,Num 1,RParen,Kwd Ret,Identifier "r",RParen,RParen]
