Main (Return (App (App (Prim And) (Const (Boolean True))) (Const (Boolean False))))
