Assignment "n" Eq (Const (Number 5)) (Return (App (Var "n") Times (Const (Number 2))))
