IfElse (Const (Boolean True)) (Return (Const (String "ok"))) (Return (Const (String "fail"))) End
